main.c:167:5:main	16	static
main.c:290:6:SystemClock_Config	120	static
main.c:349:13:MX_ADC1_Init	48	static
main.c:414:13:MX_I2C4_Init	8	static
main.c:460:13:MX_TIM1_Init	112	static
main.c:540:13:MX_TIM5_Init	40	static
main.c:585:13:MX_TIM13_Init	8	static
main.c:616:13:MX_USART3_UART_Init	8	static
main.c:664:13:MX_USB_OTG_FS_PCD_Init	8	static
main.c:698:13:MX_DMA_Init	16	static
main.c:716:13:MX_GPIO_Init	56	static
main.c:787:6:HAL_ADC_ConvCpltCallback	16	static
main.c:797:6:MPU6050_init	32	static
main.c:808:7:MPU6050_READ_TEMP	32	static
main.c:819:6:HAL_TIM_PeriodElapsedCallback	24	static
main.c:843:6:HAL_GPIO_EXIT_Callback	16	static
main.c:860:9:leerTeclado	8	static
main.c:928:6:clearTempBuff	16	static
main.c:933:7:TMP_2_RPM	16	static
main.c:939:5:RPM_2_PWM	16	static
main.c:946:6:dispTemp	8	static
main.c:973:6:procesarTeclado	16	static
main.c:1051:6:Error_Handler	4	static,ignoring_inline_asm
